<html>
<body>
<pre>
<h1>µVision Build Log</h1>
<h2>Tool Versions:</h2>
IDE-Version: £gVision V5.36.0.0
Copyright (C) 2021 ARM Ltd and ARM Germany GmbH. All rights reserved.
License Information: max Chen nuvoton Flex license: MDK Professional 5.36 (Flex) (mdk_pro) Operation stops: 31 Jul 2024
 
Tool Versions:
Toolchain:       MDK Professional 5.36 (Flex)  Version: 5.36.0.0
Toolchain Path:  C:\Keil_v5\ARM\ARMCLANG\Bin
C Compiler:      ArmClang.exe V6.16
Assembler:       Armasm.exe V6.16
Linker/Locator:  ArmLink.exe V6.16
Library Manager: ArmAr.exe V6.16
Hex Converter:   FromElf.exe V6.16
CPU DLL:         
Dialog DLL:      
Target DLL:      Nu_Link.dll V3.14
Dialog DLL:      TCM.DLL V1.53.0.0
 
<h2>Project:</h2>
C:\Users\CYCHEN38\OpenNuvoton\firmware\M55M1BSP\SampleCode\MachineLearning\ObjectDetection_FreeRTOS_yoloxn\KEIL\ObjectDetection_FreeRTOS_yoloxn.uvprojx
Project File Date:  05/20/2024

<h2>Output:</h2>
*** Using Compiler 'V6.16', folder: 'C:\Keil_v5\ARM\ARMCLANG\Bin'
Build target 'ObjectDetection_FreeRTOS_yoloxn'
creating preprocessor file for startup_M55M1.c...
creating preprocessor file for uart.c...
creating preprocessor file for retarget.c...
creating preprocessor file for system_M55M1.c...
creating list file for retarget.c...
creating list file for uart.c...
creating list file for startup_M55M1.c...
creating list file for system_M55M1.c...
creating preprocessor file for ccap.c...
creating preprocessor file for clk.c...
creating list file for ccap.c...
creating preprocessor file for sys.c...
creating list file for sys.c...
creating preprocessor file for gpio.c...
creating preprocessor file for ethosu_device_u55_u65.c...
creating list file for gpio.c...
creating list file for ethosu_device_u55_u65.c...
creating list file for clk.c...
creating list file for ethosu_driver.c...
creating preprocessor file for ethosu_driver.c...
creating list file for ethosu_pmu.c...
creating preprocessor file for ethosu_pmu.c...
creating preprocessor file for spim_hyper.c...
creating preprocessor file for ebi.c...
creating list file for ebi.c...
creating list file for spim_hyper.c...
creating preprocessor file for BoardInit.cpp...
creating list file for BoardInit.cpp...
compiling BoardInit.cpp...
creating preprocessor file for DetectorPostProcessing.cpp...
creating preprocessor file for main.cpp...
creating preprocessor file for InferenceTask.cpp...
creating preprocessor file for Labels.cpp...
creating list file for Labels.cpp...
creating list file for InferenceTask.cpp...
creating list file for DetectorPostProcessing.cpp...
compiling DetectorPostProcessing.cpp...
compiling main.cpp...
compiling Labels.cpp...
creating list file for main.cpp...
creating preprocessor file for yolox_nano_320_DW_test_ti_lite_full_integer_quant_vela_tflite.cc...
creating preprocessor file for InputFiles.cpp...
creating preprocessor file for dog.cpp...
compiling InferenceTask.cpp...
creating preprocessor file for YoloXnanoNu.cpp...
compiling dog.cpp...
creating list file for dog.cpp...
creating preprocessor file for Model.cc...
compiling YoloXnanoNu.cpp...
creating list file for YoloXnanoNu.cpp...
creating preprocessor file for TensorFlowLiteMicro.cc...
compiling yolox_nano_320_DW_test_ti_lite_full_integer_quant_vela_tflite.cc...
creating list file for Model.cc...
creating list file for TensorFlowLiteMicro.cc...
compiling Model.cc...
compiling TensorFlowLiteMicro.cc...
creating preprocessor file for Classifier.cc...
creating preprocessor file for PlatformMath.cc...
creating list file for PlatformMath.cc...
creating list file for Classifier.cc...
compiling PlatformMath.cc...
creating preprocessor file for Profiler.cc...
creating list file for ImageUtils.cc...
creating list file for yolox_nano_320_DW_test_ti_lite_full_integer_quant_vela_tflite.cc...
creating preprocessor file for ImageUtils.cc...
creating list file for ethosu_cpu_cache.c...
creating preprocessor file for ethosu_cpu_cache.c...
compiling ImageUtils.cc...
compiling ethosu_cpu_cache.c...
creating list file for Profiler.cc...
creating preprocessor file for ethosu_npu_init.c...
creating list file for ethosu_npu_init.c...
creating preprocessor file for ethosu_profiler.c...
compiling ethosu_npu_init.c...
creating list file for ethosu_profiler.c...
compiling Profiler.cc...
compiling ethosu_profiler.c...
compiling Classifier.cc...
creating preprocessor file for pmu_counter.c...
creating list file for pmu_counter.c...
creating preprocessor file for hyperram_code.c...
compiling pmu_counter.c...
creating list file for ImageSensor.c...
creating list file for hyperram_code.c...
creating preprocessor file for ImageSensor.c...
creating list file for Sensor_HM1055.c...
creating preprocessor file for Sensor_HM1055.c...
creating preprocessor file for Font8_16.c...
creating preprocessor file for SWI2C.c...
creating preprocessor file for Display.c...
creating list file for Display.c...
creating list file for LCD_FSA506.c...
creating list file for SWI2C.c...
creating preprocessor file for LCD_FSA506.c...
linking...
Program Size: Code=163630 RO-data=1352066 RW-data=2232 ZI-data=1437112  
After Build - User command #1: fromelf --bin ".\Objects\ObjectDetection_FreeRTOS_yoloxn.axf" --output ".\release\ObjectDetection_FreeRTOS_yoloxn.bin"
".\Objects\ObjectDetection_FreeRTOS_yoloxn.axf" - 0 Error(s), 0 Warning(s).

<h2>Software Packages used:</h2>

<h2>Collection of Component include folders:</h2>

<h2>Collection of Component Files used:</h2>
Build Time Elapsed:  00:00:32
</pre>
</body>
</html>
